<?xml version="1.0" encoding="utf-8"?><testsuite errors="0" failures="0" name="pytest" skips="0" tests="6" time="0.040"><testcase classname="tests.sportscar.body.test_body" file="tests/sportscar/body/test_body.py" line="3" name="test_body_functions_as_expected" time="0.0009706020355224609"></testcase><testcase classname="tests.sportscar.body.test_body_frame.BodyTests" file="tests/sportscar/body/test_body_frame.py" line="7" name="test_frame_functions_as_expected" time="0.0006394386291503906"></testcase><testcase classname="tests.sportscar.body.test_body_frame.BodyTests" file="tests/sportscar/body/test_body_frame.py" line="10" name="test_bumper" time="0.0006265640258789062"></testcase><testcase classname="tests.sportscar.body.test_body_frame.BodyTests" file="tests/sportscar/body/test_body_frame.py" line="13" name="test_winshield" time="0.0006127357482910156"></testcase><testcase classname="tests.sportscar.engine.test_engine" file="tests/sportscar/engine/test_engine.py" line="3" name="test_engine_functions_as_expected" time="0.0005970001220703125"></testcase><testcase classname="tests.sportscar.entertainment.test_entertainment" file="tests/sportscar/entertainment/test_entertainment.py" line="3" name="test_entertainment_system_functions_as_expected" time="0.0006077289581298828"></testcase></testsuite>